MO DC NULL DC.v vlg17/_d_c.bin 1542957741
MO DM NULL DM.v vlg21/_d_m.bin 1542957741
MO EXT NULL EXT.v vlg49/_e_x_t.bin 1542957741
MO Controller NULL Controller.v vlg34/_controller.bin 1542957741
MO GRF NULL GRF.v vlg4F/_g_r_f.bin 1542957741
MO mips NULL mips.v vlg1D/mips.bin 1542957741
MO IFU NULL IFU.v vlg54/_i_f_u.bin 1542957741
MO ALU NULL ALU.v vlg2A/_a_l_u.bin 1542957741
